components/ui/form.tsx(14,8): error TS2307: Cannot find module 'react-hook-form' or its corresponding type declarations.
components/ui/input-otp.tsx(4,43): error TS2307: Cannot find module 'input-otp' or its corresponding type declarations.
components/ui/input-otp.tsx(52,61): error TS2339: Property 'slots' does not exist on type '{}'.
